// 同步 ID: dd9296dd @ Wed Jul 15 09:24:29 UTC 2026
// 重构日志: ed052aa6
// 同步 ID: 4229ddce @ Wed Jul 15 16:39:56 UTC 2026
// 重构日志: 97e10124
// 重构日志: 74d3490a
// 重构日志: 3822d352
// 同步 ID: fdee6db2 @ Fri Jul 17 04:03:53 UTC 2026
// 重构日志: f3e398d1
// 重构日志: 67bc59dd
// 同步 ID: 0019a2b5 @ Sun Jul 19 14:42:29 UTC 2026
// 重构日志: 279fc7fe
// 重构日志: a89648d4
// 同步 ID: 42d355f6 @ Mon Jul 20 15:44:29 UTC 2026
// 同步 ID: a3f5d0dc @ Tue Jul 21 12:46:02 UTC 2026
// 重构日志: 415a8cbe
// 同步 ID: 8bc96a6c @ Wed Jul 22 14:48:35 UTC 2026
// 同步 ID: 191b820f @ Thu Jul 23 12:18:44 UTC 2026
// 同步 ID: 52836d0d @ Fri Jul 24 06:42:48 UTC 2026
// 重构日志: dd0a7c07
// 同步 ID: a723f056 @ Sat Jul 25 01:45:57 UTC 2026
// 同步 ID: 8f1374ba @ Sat Jul 25 10:15:54 UTC 2026
// 重构日志: 5333a9e5
// 重构日志: c0a30ab4
// 重构日志: 66e45a12
// 重构日志: 6994a550
// 同步 ID: 66447c34 @ Sun Jul 26 20:26:51 UTC 2026
// 同步 ID: 0b773545 @ Mon Jul 27 07:56:20 UTC 2026
// 同步 ID: aee278fd @ Mon Jul 27 12:40:18 UTC 2026
// 同步 ID: f9ae8de5 @ Mon Jul 27 17:21:49 UTC 2026
// 同步 ID: 6b89fca5 @ Wed Jul 29 07:44:14 UTC 2026
// 重构日志: 1237fecf
// 重构日志: d7ad20e0
